#-----------------------------------------------------------
# Vivado v2024.2 (64-bit)
# SW Build 5239630 on Fri Nov 08 22:35:27 MST 2024
# IP Build 5239520 on Sun Nov 10 16:12:51 MST 2024
# SharedData Build 5239561 on Fri Nov 08 14:39:27 MST 2024
# Start of session at: Fri Mar 14 15:27:29 2025
# Process ID         : 26716
# Current directory  : C:/Users/neilt/Documents/UNSW/ELEC2141/Gradecircuit1/Gradecircuit1.runs/synth_1
# Command line       : vivado.exe -log Gradecircuit1.vds -product Vivado -mode batch -messageDb vivado.pb -notrace -source Gradecircuit1.tcl
# Log file           : C:/Users/neilt/Documents/UNSW/ELEC2141/Gradecircuit1/Gradecircuit1.runs/synth_1/Gradecircuit1.vds
# Journal file       : C:/Users/neilt/Documents/UNSW/ELEC2141/Gradecircuit1/Gradecircuit1.runs/synth_1\vivado.jou
# Running On         : neils-windows
# Platform           : Windows Server 2016 or Windows 10
# Operating System   : 26100
# Processor Detail   : 11th Gen Intel(R) Core(TM) i7-1185G7 @ 3.00GHz
# CPU Frequency      : 1805 MHz
# CPU Physical cores : 4
# CPU Logical cores  : 8
# Host memory        : 34073 MB
# Swap memory        : 2147 MB
# Total Virtual      : 36220 MB
# Available Virtual  : 14101 MB
#-----------------------------------------------------------
source Gradecircuit1.tcl -notrace
